
Allocating common symbols
Common symbol       size              file

iap_entry           0x4               objs/core/rom_helpers.o
inbuff              0x10              objs/apps/base/voiture/main.o

Discarded input sections

 .text          0x0000000000000000        0x0 objs/core/watchdog.o
 .data          0x0000000000000000        0x0 objs/core/watchdog.o
 .bss           0x0000000000000000        0x0 objs/core/watchdog.o
 .text.watchdog_feed
                0x0000000000000000       0x20 objs/core/watchdog.o
 .text.watchdog_lock_clk_src
                0x0000000000000000       0x14 objs/core/watchdog.o
 .text.watchdog_lock_clk_src_power
                0x0000000000000000       0x4c objs/core/watchdog.o
 .text.watchdog_lock_timer_val
                0x0000000000000000       0x10 objs/core/watchdog.o
 .text.watchdog_set_timer_val
                0x0000000000000000       0x14 objs/core/watchdog.o
 .text.watchdog_lock_enable
                0x0000000000000000       0x10 objs/core/watchdog.o
 .text.watchdog_lock_full
                0x0000000000000000       0x28 objs/core/watchdog.o
 .text.watchdog_disable_power_down
                0x0000000000000000       0x10 objs/core/watchdog.o
 .text.watchdog_config
                0x0000000000000000      0x13c objs/core/watchdog.o
 .text.stop_watchdog
                0x0000000000000000       0xd0 objs/core/watchdog.o
 .text          0x0000000000000000        0x0 objs/core/rom_helpers.o
 .data          0x0000000000000000        0x0 objs/core/rom_helpers.o
 .bss           0x0000000000000000        0x0 objs/core/rom_helpers.o
 .text.__aeabi_idiv
                0x0000000000000000       0x10 objs/core/rom_helpers.o
 .text.iap_erase_info_page
                0x0000000000000000       0x3c objs/core/rom_helpers.o
 .text.iap_prepare_flash
                0x0000000000000000       0x28 objs/core/rom_helpers.o
 .text.iap_erase_flash_sectors
                0x0000000000000000       0x3c objs/core/rom_helpers.o
 .text.iap_erase_flash_pages
                0x0000000000000000       0x3c objs/core/rom_helpers.o
 .text.iap_copy_ram_to_flash
                0x0000000000000000       0x44 objs/core/rom_helpers.o
 .text.iap_read_part_id
                0x0000000000000000       0x24 objs/core/rom_helpers.o
 .bss.params    0x0000000000000000       0x14 objs/core/rom_helpers.o
 .bss.results   0x0000000000000000       0x10 objs/core/rom_helpers.o
 .text          0x0000000000000000        0x0 objs/core/fault_handlers.o
 .data          0x0000000000000000        0x0 objs/core/fault_handlers.o
 .bss           0x0000000000000000        0x0 objs/core/fault_handlers.o
 .text.Dummy_Fault_Handler
                0x0000000000000000        0x4 objs/core/fault_handlers.o
 .text          0x0000000000000000        0x0 objs/core/system.o
 .data          0x0000000000000000        0x0 objs/core/system.o
 .bss           0x0000000000000000        0x0 objs/core/system.o
 .text.system_brown_out_detection_config
                0x0000000000000000       0x30 objs/core/system.o
 .text.enter_deep_sleep
                0x0000000000000000       0x38 objs/core/system.o
 .text.enter_deep_power_down
                0x0000000000000000       0x64 objs/core/system.o
 .text.subsystem_powered
                0x0000000000000000       0x10 objs/core/system.o
 .text.Dummy_Clk_Updater
                0x0000000000000000        0x4 objs/core/system.o
 .text.clkout_on
                0x0000000000000000       0x24 objs/core/system.o
 .text.clkout_off
                0x0000000000000000       0x18 objs/core/system.o
 .text.def_msleep
                0x0000000000000000       0x1c objs/core/system.o
 .text.def_usleep
                0x0000000000000000       0x14 objs/core/system.o
 .text          0x0000000000000000        0x0 objs/core/pio.o
 .data          0x0000000000000000        0x0 objs/core/pio.o
 .bss           0x0000000000000000        0x0 objs/core/pio.o
 .text.io_config_clk_on
                0x0000000000000000       0x10 objs/core/pio.o
 .text.io_config_clk_off
                0x0000000000000000       0x10 objs/core/pio.o
 .text          0x0000000000000000        0x0 objs/core/bootstrap.o
 .data          0x0000000000000000        0x0 objs/core/bootstrap.o
 .bss           0x0000000000000000        0x0 objs/core/bootstrap.o
 .text          0x0000000000000000        0x0 objs/core/systick.o
 .data          0x0000000000000000        0x0 objs/core/systick.o
 .bss           0x0000000000000000        0x0 objs/core/systick.o
 .text.add_systick_callback
                0x0000000000000000       0x34 objs/core/systick.o
 .text.remove_systick_callback
                0x0000000000000000       0x28 objs/core/systick.o
 .text.systick_stop
                0x0000000000000000       0x1c objs/core/systick.o
 .text.systick_reset
                0x0000000000000000       0x24 objs/core/systick.o
 .text.systick_get_timer_val
                0x0000000000000000        0xc objs/core/systick.o
 .text.systick_get_timer_reload_val
                0x0000000000000000        0xc objs/core/systick.o
 .text.is_systick_running
                0x0000000000000000        0xc objs/core/systick.o
 .text.systick_get_tick_ms_period
                0x0000000000000000        0xc objs/core/systick.o
 .text.systick_get_tick_count
                0x0000000000000000        0xc objs/core/systick.o
 .text.systick_get_clock_cycles
                0x0000000000000000       0x14 objs/core/systick.o
 .text.systick_timer_off
                0x0000000000000000       0x28 objs/core/systick.o
 .text.usleep   0x0000000000000000       0xb8 objs/core/systick.o
 .text.usleep_short
                0x0000000000000000       0x4c objs/core/systick.o
 .text          0x0000000000000000        0x0 objs/core/crc_engine.o
 .data          0x0000000000000000        0x0 objs/core/crc_engine.o
 .bss           0x0000000000000000        0x0 objs/core/crc_engine.o
 .text.crc_config
                0x0000000000000000       0x28 objs/core/crc_engine.o
 .text.crc_reinit
                0x0000000000000000       0x14 objs/core/crc_engine.o
 .text.crc_get_sum
                0x0000000000000000        0xc objs/core/crc_engine.o
 .text.crc_add  0x0000000000000000        0xc objs/core/crc_engine.o
 .bss.crc_seed  0x0000000000000000        0x4 objs/core/crc_engine.o
 .comment       0x0000000000000000       0x2c objs/core/crc_engine.o
 .ARM.attributes
                0x0000000000000000       0x31 objs/core/crc_engine.o
 .text          0x0000000000000000        0x0 objs/core/user_information_block.o
 .data          0x0000000000000000        0x0 objs/core/user_information_block.o
 .bss           0x0000000000000000        0x0 objs/core/user_information_block.o
 .text.get_user_info
                0x0000000000000000        0x8 objs/core/user_information_block.o
 .comment       0x0000000000000000       0x2c objs/core/user_information_block.o
 .ARM.attributes
                0x0000000000000000       0x31 objs/core/user_information_block.o
 .text          0x0000000000000000        0x0 objs/core/iap.o
 .data          0x0000000000000000        0x0 objs/core/iap.o
 .bss           0x0000000000000000        0x0 objs/core/iap.o
 .text.flash_erase_sector
                0x0000000000000000       0x24 objs/core/iap.o
 .text.flash_program_page
                0x0000000000000000       0x90 objs/core/iap.o
 .comment       0x0000000000000000       0x2c objs/core/iap.o
 .ARM.attributes
                0x0000000000000000       0x31 objs/core/iap.o
 .text          0x0000000000000000        0x0 objs/core/vector_table.o
 .data          0x0000000000000000        0x0 objs/core/vector_table.o
 .bss           0x0000000000000000        0x0 objs/core/vector_table.o
 .text.relocate_vector_table
                0x0000000000000000       0x34 objs/core/vector_table.o
 .comment       0x0000000000000000       0x2c objs/core/vector_table.o
 .ARM.attributes
                0x0000000000000000       0x31 objs/core/vector_table.o
 .text          0x0000000000000000        0x0 objs/extdrv/status_led.o
 .data          0x0000000000000000        0x0 objs/extdrv/status_led.o
 .bss           0x0000000000000000        0x0 objs/extdrv/status_led.o
 .text          0x0000000000000000        0x0 objs/extdrv/cc1101.o
 .data          0x0000000000000000        0x0 objs/extdrv/cc1101.o
 .bss           0x0000000000000000        0x0 objs/extdrv/cc1101.o
 .text.cc1101_spi_transfer
                0x0000000000000000       0x6c objs/extdrv/cc1101.o
 .text.cc1101_reset
                0x0000000000000000       0x10 objs/extdrv/cc1101.o
 .text.cc1101_flush_tx_fifo
                0x0000000000000000       0x1c objs/extdrv/cc1101.o
 .text.cc1101_flush_rx_fifo
                0x0000000000000000       0x1c objs/extdrv/cc1101.o
 .text.cc1101_enter_tx_mode
                0x0000000000000000       0x64 objs/extdrv/cc1101.o
 .text.cc1101_read_status
                0x0000000000000000       0x10 objs/extdrv/cc1101.o
 .text.cc1101_read_pkt_status
                0x0000000000000000       0x10 objs/extdrv/cc1101.o
 .text.cc1101_enter_rx_mode
                0x0000000000000000       0x38 objs/extdrv/cc1101.o
 .text.cc1101_enter_fstxon_state
                0x0000000000000000       0x38 objs/extdrv/cc1101.o
 .text.cc1101_get_signal_strength_indication
                0x0000000000000000       0x18 objs/extdrv/cc1101.o
 .text.cc1101_get_link_quality
                0x0000000000000000       0x10 objs/extdrv/cc1101.o
 .text.cc1101_send_calibration_request
                0x0000000000000000       0x10 objs/extdrv/cc1101.o
 .text.cc1101_rx_fifo_state
                0x0000000000000000       0x3c objs/extdrv/cc1101.o
 .text.cc1101_tx_fifo_state
                0x0000000000000000       0x34 objs/extdrv/cc1101.o
 .text.cc1101_send_packet
                0x0000000000000000       0x28 objs/extdrv/cc1101.o
 .text.cc1101_receive_packet
                0x0000000000000000       0xcc objs/extdrv/cc1101.o
 .text.cc1101_set_address
                0x0000000000000000       0x28 objs/extdrv/cc1101.o
 .text.cc1101_set_channel
                0x0000000000000000       0x28 objs/extdrv/cc1101.o
 .text.cc1101_power_down
                0x0000000000000000       0x34 objs/extdrv/cc1101.o
 .text.cc1101_set_config
                0x0000000000000000       0x28 objs/extdrv/cc1101.o
 .text.cc1101_init
                0x0000000000000000       0x4c objs/extdrv/cc1101.o
 .text.cc1101_config
                0x0000000000000000       0x50 objs/extdrv/cc1101.o
 .text.cc1101_update_config
                0x0000000000000000       0x48 objs/extdrv/cc1101.o
 .text.cc1101_set_patable
                0x0000000000000000       0x18 objs/extdrv/cc1101.o
 .bss.cc1101    0x0000000000000000        0x9 objs/extdrv/cc1101.o
 .rodata.rf_init_settings
                0x0000000000000000       0x48 objs/extdrv/cc1101.o
 .comment       0x0000000000000000       0x2c objs/extdrv/cc1101.o
 .ARM.attributes
                0x0000000000000000       0x31 objs/extdrv/cc1101.o
 .text          0x0000000000000000        0x0 objs/extdrv/sdmmc.o
 .data          0x0000000000000000        0x0 objs/extdrv/sdmmc.o
 .bss           0x0000000000000000        0x0 objs/extdrv/sdmmc.o
 .text.sdmmc_send_command
                0x0000000000000000      0x108 objs/extdrv/sdmmc.o
 .text.sdmmc_send_app_command.constprop.4
                0x0000000000000000       0x30 objs/extdrv/sdmmc.o
 .text.sdmmc_crc7
                0x0000000000000000       0x4c objs/extdrv/sdmmc.o
 .text.sdmmc_init
                0x0000000000000000       0xd4 objs/extdrv/sdmmc.o
 .text.sdmmc_init_wait_card_ready
                0x0000000000000000       0x44 objs/extdrv/sdmmc.o
 .text.sdmmc_init_end
                0x0000000000000000       0xb8 objs/extdrv/sdmmc.o
 .text.sdmmc_read_block
                0x0000000000000000      0x170 objs/extdrv/sdmmc.o
 .text.sdmmc_write_block
                0x0000000000000000      0x168 objs/extdrv/sdmmc.o
 .comment       0x0000000000000000       0x2c objs/extdrv/sdmmc.o
 .ARM.attributes
                0x0000000000000000       0x31 objs/extdrv/sdmmc.o
 .text          0x0000000000000000        0x0 objs/extdrv/chirp.o
 .data          0x0000000000000000        0x0 objs/extdrv/chirp.o
 .bss           0x0000000000000000        0x0 objs/extdrv/chirp.o
 .text.chirp_probe_sensor
                0x0000000000000000       0x30 objs/extdrv/chirp.o
 .text.chirp_sensor_read
                0x0000000000000000       0x74 objs/extdrv/chirp.o
 .text.chirp_sensor_write
                0x0000000000000000       0x3c objs/extdrv/chirp.o
 .text.chirp_sensor_cap_read
                0x0000000000000000        0xc objs/extdrv/chirp.o
 .text.chirp_sensor_temp_read
                0x0000000000000000        0xc objs/extdrv/chirp.o
 .text.chirp_sensor_start_light_conversion
                0x0000000000000000        0xc objs/extdrv/chirp.o
 .text.chirp_sensor_light_read
                0x0000000000000000        0xc objs/extdrv/chirp.o
 .text.chirp_reset
                0x0000000000000000        0xc objs/extdrv/chirp.o
 .comment       0x0000000000000000       0x2c objs/extdrv/chirp.o
 .ARM.attributes
                0x0000000000000000       0x31 objs/extdrv/chirp.o
 .text          0x0000000000000000        0x0 objs/extdrv/ncn5120.o
 .data          0x0000000000000000        0x0 objs/extdrv/ncn5120.o
 .bss           0x0000000000000000        0x0 objs/extdrv/ncn5120.o
 .text.reset_event
                0x0000000000000000       0x14 objs/extdrv/ncn5120.o
 .text.save_event
                0x0000000000000000       0x14 objs/extdrv/ncn5120.o
 .text.ncn5120_get_req_reply_data
                0x0000000000000000       0x44 objs/extdrv/ncn5120.o
 .text.ncn5120_handle_rx
                0x0000000000000000       0xf8 objs/extdrv/ncn5120.o
 .text.ncn5120_set_internal_register.part.1
                0x0000000000000000       0x2c objs/extdrv/ncn5120.o
 .text.ncn5120_init
                0x0000000000000000       0x94 objs/extdrv/ncn5120.o
 .text.ncn5120_register_handlers
                0x0000000000000000       0x98 objs/extdrv/ncn5120.o
 .text.ncn5120_watchdog_config
                0x0000000000000000       0x28 objs/extdrv/ncn5120.o
 .text.ncn5120_set_address
                0x0000000000000000       0x88 objs/extdrv/ncn5120.o
 .text.ncn5120_set_number_of_retries
                0x0000000000000000       0x3c objs/extdrv/ncn5120.o
 .text.ncn5120_get_analog_status
                0x0000000000000000       0xb4 objs/extdrv/ncn5120.o
 .text.ncn5120_get_comm_status
                0x0000000000000000       0x7c objs/extdrv/ncn5120.o
 .text.ncn5120_get_system_status
                0x0000000000000000       0xc0 objs/extdrv/ncn5120.o
 .text.ncn5120_reset
                0x0000000000000000       0x64 objs/extdrv/ncn5120.o
 .text.ncn5120_enter_sleep
                0x0000000000000000       0x18 objs/extdrv/ncn5120.o
 .text.ncn5120_set_busy_state
                0x0000000000000000       0x3c objs/extdrv/ncn5120.o
 .text.ncn5120_set_stop_state
                0x0000000000000000       0x7c objs/extdrv/ncn5120.o
 .text.ncn5120_enter_monitor_mode
                0x0000000000000000       0x30 objs/extdrv/ncn5120.o
 .text.ncn5120_packet_acknowledge
                0x0000000000000000       0x50 objs/extdrv/ncn5120.o
 .text.ncn5120_send_packet
                0x0000000000000000      0x180 objs/extdrv/ncn5120.o
 .bss.last_byte.4354
                0x0000000000000000        0x8 objs/extdrv/ncn5120.o
 .bss.last_timer_tick.4355
                0x0000000000000000        0x4 objs/extdrv/ncn5120.o
 .data.ncn5120  0x0000000000000000      0x144 objs/extdrv/ncn5120.o
 .rodata.ncn5120_send_packet.str1.4
                0x0000000000000000       0x78 objs/extdrv/ncn5120.o
 .comment       0x0000000000000000       0x2c objs/extdrv/ncn5120.o
 .ARM.attributes
                0x0000000000000000       0x31 objs/extdrv/ncn5120.o
 .text          0x0000000000000000        0x0 objs/extdrv/max31855_thermocouple.o
 .data          0x0000000000000000        0x0 objs/extdrv/max31855_thermocouple.o
 .bss           0x0000000000000000        0x0 objs/extdrv/max31855_thermocouple.o
 .text.max31855_convert_to_centi_degrees
                0x0000000000000000        0xc objs/extdrv/max31855_thermocouple.o
 .text.max31855_sensor_read
                0x0000000000000000       0x98 objs/extdrv/max31855_thermocouple.o
 .text.max31855_sensor_config
                0x0000000000000000       0x10 objs/extdrv/max31855_thermocouple.o
 .comment       0x0000000000000000       0x2c objs/extdrv/max31855_thermocouple.o
 .ARM.attributes
                0x0000000000000000       0x31 objs/extdrv/max31855_thermocouple.o
 .text          0x0000000000000000        0x0 objs/extdrv/ssd130x_oled_buffer.o
 .data          0x0000000000000000        0x0 objs/extdrv/ssd130x_oled_buffer.o
 .bss           0x0000000000000000        0x0 objs/extdrv/ssd130x_oled_buffer.o
 .text.ssd130x_buffer_set
                0x0000000000000000       0x10 objs/extdrv/ssd130x_oled_buffer.o
 .text.ssd130x_buffer_set_pixel
                0x0000000000000000       0x34 objs/extdrv/ssd130x_oled_buffer.o
 .text.ssd130x_buffer_set_tile
                0x0000000000000000       0x18 objs/extdrv/ssd130x_oled_buffer.o
 .text.uncompress_image
                0x0000000000000000       0x48 objs/extdrv/ssd130x_oled_buffer.o
 .text.uncompress_image_asm_old
                0x0000000000000000       0x34 objs/extdrv/ssd130x_oled_buffer.o
 .comment       0x0000000000000000       0x2c objs/extdrv/ssd130x_oled_buffer.o
 .ARM.attributes
                0x0000000000000000       0x31 objs/extdrv/ssd130x_oled_buffer.o
 .text          0x0000000000000000        0x0 objs/extdrv/rtc_pcf85363a.o
 .data          0x0000000000000000        0x0 objs/extdrv/rtc_pcf85363a.o
 .bss           0x0000000000000000        0x0 objs/extdrv/rtc_pcf85363a.o
 .text.rtc_pcf85363_set_regs
                0x0000000000000000       0x88 objs/extdrv/rtc_pcf85363a.o
 .text.rtc_pcf85363_get_regs
                0x0000000000000000       0x94 objs/extdrv/rtc_pcf85363a.o
 .text.rtc_pcf85363_time_read
                0x0000000000000000       0x24 objs/extdrv/rtc_pcf85363a.o
 .text.rtc_pcf85363_time_write
                0x0000000000000000       0x58 objs/extdrv/rtc_pcf85363a.o
 .text.rtc_pcf85363_get_timestamp
                0x0000000000000000       0x28 objs/extdrv/rtc_pcf85363a.o
 .text.rtc_pcf85363_erase_timestamps
                0x0000000000000000       0x18 objs/extdrv/rtc_pcf85363a.o
 .text.rtc_pcf85363_time_to_str
                0x0000000000000000       0x34 objs/extdrv/rtc_pcf85363a.o
 .text.rtc_pcf85363a_time_cmp
                0x0000000000000000       0x58 objs/extdrv/rtc_pcf85363a.o
 .text.rtc_pcf85363a_is_up
                0x0000000000000000       0x50 objs/extdrv/rtc_pcf85363a.o
 .text.rtc_pcf85363a_read_ram
                0x0000000000000000       0x18 objs/extdrv/rtc_pcf85363a.o
 .text.rtc_pcf85363a_write_ram
                0x0000000000000000       0x18 objs/extdrv/rtc_pcf85363a.o
 .text.rtc_pcf85363a_config
                0x0000000000000000       0xb8 objs/extdrv/rtc_pcf85363a.o
 .rodata        0x0000000000000000        0x2 objs/extdrv/rtc_pcf85363a.o
 .rodata.rtc_pcf85363_time_to_str.str1.4
                0x0000000000000000       0x28 objs/extdrv/rtc_pcf85363a.o
 .comment       0x0000000000000000       0x2c objs/extdrv/rtc_pcf85363a.o
 .ARM.attributes
                0x0000000000000000       0x31 objs/extdrv/rtc_pcf85363a.o
 .text          0x0000000000000000        0x0 objs/extdrv/lcd_char.o
 .data          0x0000000000000000        0x0 objs/extdrv/lcd_char.o
 .bss           0x0000000000000000        0x0 objs/extdrv/lcd_char.o
 .text.lcdc_write_byte
                0x0000000000000000       0x58 objs/extdrv/lcd_char.o
 .text.lcdc_read_byte
                0x0000000000000000       0x74 objs/extdrv/lcd_char.o
 .text.lcdc_perform_read
                0x0000000000000000       0x5c objs/extdrv/lcd_char.o
 .text.lcdc_perform_write
                0x0000000000000000       0x74 objs/extdrv/lcd_char.o
 .text.lcdc_config
                0x0000000000000000       0x7c objs/extdrv/lcd_char.o
 .text.lcdc_on_off
                0x0000000000000000       0x28 objs/extdrv/lcd_char.o
 .text.lcdc_clear
                0x0000000000000000       0x14 objs/extdrv/lcd_char.o
 .text.lcdc_set_inc_and_shift_mode
                0x0000000000000000       0x1c objs/extdrv/lcd_char.o
 .text.lcdc_move_cursor_home
                0x0000000000000000       0x14 objs/extdrv/lcd_char.o
 .text.lcdc_move_cursor
                0x0000000000000000       0x14 objs/extdrv/lcd_char.o
 .text.lcdc_shift_display
                0x0000000000000000       0x14 objs/extdrv/lcd_char.o
 .text.lcdc_set_cursor_position
                0x0000000000000000       0x3c objs/extdrv/lcd_char.o
 .text.lcdc_get_cursor_position
                0x0000000000000000       0x44 objs/extdrv/lcd_char.o
 .text.lcdc_init
                0x0000000000000000      0x100 objs/extdrv/lcd_char.o
 .text.lcdc_write
                0x0000000000000000        0xc objs/extdrv/lcd_char.o
 .text.lcdc_read
                0x0000000000000000        0xc objs/extdrv/lcd_char.o
 .text.lcdc_send_data_line
                0x0000000000000000       0x3c objs/extdrv/lcd_char.o
 .text.create_char
                0x0000000000000000       0x30 objs/extdrv/lcd_char.o
 .rodata        0x0000000000000000       0x10 objs/extdrv/lcd_char.o
 .comment       0x0000000000000000       0x2c objs/extdrv/lcd_char.o
 .ARM.attributes
                0x0000000000000000       0x31 objs/extdrv/lcd_char.o
 .text          0x0000000000000000        0x0 objs/extdrv/tsl256x_light_sensor.o
 .data          0x0000000000000000        0x0 objs/extdrv/tsl256x_light_sensor.o
 .bss           0x0000000000000000        0x0 objs/extdrv/tsl256x_light_sensor.o
 .text.tsl256x_probe_sensor
                0x0000000000000000       0x74 objs/extdrv/tsl256x_light_sensor.o
 .text.tsl256x_read_id
                0x0000000000000000       0x50 objs/extdrv/tsl256x_light_sensor.o
 .text.tsl256x_configure
                0x0000000000000000       0x48 objs/extdrv/tsl256x_light_sensor.o
 .text.calculate_lux
                0x0000000000000000      0x234 objs/extdrv/tsl256x_light_sensor.o
 .text.tsl256x_sensor_read
                0x0000000000000000       0x84 objs/extdrv/tsl256x_light_sensor.o
 .comment       0x0000000000000000       0x2c objs/extdrv/tsl256x_light_sensor.o
 .ARM.attributes
                0x0000000000000000       0x31 objs/extdrv/tsl256x_light_sensor.o
 .text          0x0000000000000000        0x0 objs/extdrv/veml6070_uv_sensor.o
 .data          0x0000000000000000        0x0 objs/extdrv/veml6070_uv_sensor.o
 .bss           0x0000000000000000        0x0 objs/extdrv/veml6070_uv_sensor.o
 .text.veml6070_probe_sensor
                0x0000000000000000       0x34 objs/extdrv/veml6070_uv_sensor.o
 .text.veml6070_sensor_read
                0x0000000000000000       0xb4 objs/extdrv/veml6070_uv_sensor.o
 .text.veml6070_configure
                0x0000000000000000       0x40 objs/extdrv/veml6070_uv_sensor.o
 .comment       0x0000000000000000       0x2c objs/extdrv/veml6070_uv_sensor.o
 .ARM.attributes
                0x0000000000000000       0x31 objs/extdrv/veml6070_uv_sensor.o
 .text          0x0000000000000000        0x0 objs/extdrv/dht11.o
 .data          0x0000000000000000        0x0 objs/extdrv/dht11.o
 .bss           0x0000000000000000        0x0 objs/extdrv/dht11.o
 .text.dht11_config
                0x0000000000000000       0x1c objs/extdrv/dht11.o
 .text.dht11_display
                0x0000000000000000      0x13c objs/extdrv/dht11.o
 .bss.dht11_gpio
                0x0000000000000000        0x3 objs/extdrv/dht11.o
 .rodata.dht11_display.str1.4
                0x0000000000000000       0x52 objs/extdrv/dht11.o
 .comment       0x0000000000000000       0x2c objs/extdrv/dht11.o
 .ARM.attributes
                0x0000000000000000       0x31 objs/extdrv/dht11.o
 .text          0x0000000000000000        0x0 objs/extdrv/eeprom.o
 .data          0x0000000000000000        0x0 objs/extdrv/eeprom.o
 .bss           0x0000000000000000        0x0 objs/extdrv/eeprom.o
 .text.eeprom_detect
                0x0000000000000000       0x64 objs/extdrv/eeprom.o
 .text.get_eeprom_type
                0x0000000000000000       0x24 objs/extdrv/eeprom.o
 .text.eeprom_read
                0x0000000000000000       0x9c objs/extdrv/eeprom.o
 .text.eeprom_write
                0x0000000000000000      0x134 objs/extdrv/eeprom.o
 .data.eeprom_type.4184
                0x0000000000000000        0x4 objs/extdrv/eeprom.o
 .comment       0x0000000000000000       0x2c objs/extdrv/eeprom.o
 .ARM.attributes
                0x0000000000000000       0x31 objs/extdrv/eeprom.o
 .text          0x0000000000000000        0x0 objs/extdrv/tmp101_temp_sensor.o
 .data          0x0000000000000000        0x0 objs/extdrv/tmp101_temp_sensor.o
 .bss           0x0000000000000000        0x0 objs/extdrv/tmp101_temp_sensor.o
 .text.tmp101_probe_sensor
                0x0000000000000000       0x30 objs/extdrv/tmp101_temp_sensor.o
 .text.tmp101_convert_to_deci_degrees
                0x0000000000000000        0xc objs/extdrv/tmp101_temp_sensor.o
 .text.tmp101_sensor_read
                0x0000000000000000       0xb8 objs/extdrv/tmp101_temp_sensor.o
 .text.tmp101_sensor_config
                0x0000000000000000       0x50 objs/extdrv/tmp101_temp_sensor.o
 .text.tmp101_sensor_start_conversion
                0x0000000000000000       0x4c objs/extdrv/tmp101_temp_sensor.o
 .comment       0x0000000000000000       0x2c objs/extdrv/tmp101_temp_sensor.o
 .ARM.attributes
                0x0000000000000000       0x31 objs/extdrv/tmp101_temp_sensor.o
 .text          0x0000000000000000        0x0 objs/extdrv/epaper.o
 .data          0x0000000000000000        0x0 objs/extdrv/epaper.o
 .bss           0x0000000000000000        0x0 objs/extdrv/epaper.o
 .text.epaper_spi_transfer_single_byte_wait
                0x0000000000000000       0x30 objs/extdrv/epaper.o
 .text.epaper_spi_transfer.constprop.0
                0x0000000000000000       0x58 objs/extdrv/epaper.o
 .text.epaper_spi_send
                0x0000000000000000       0x6c objs/extdrv/epaper.o
 .text.epaper_send_data_line
                0x0000000000000000      0x248 objs/extdrv/epaper.o
 .text.epaper_config
                0x0000000000000000       0x6c objs/extdrv/epaper.o
 .text.epaper_on
                0x0000000000000000      0x20c objs/extdrv/epaper.o
 .text.epaper_send_frame
                0x0000000000000000       0x50 objs/extdrv/epaper.o
 .text.epaper_send_partial_frame
                0x0000000000000000       0x60 objs/extdrv/epaper.o
 .text.epaper_display
                0x0000000000000000        0x4 objs/extdrv/epaper.o
 .text.epaper_uniform_display
                0x0000000000000000       0x40 objs/extdrv/epaper.o
 .text.epaper_off
                0x0000000000000000      0x168 objs/extdrv/epaper.o
 .bss.epd       0x0000000000000000        0x4 objs/extdrv/epaper.o
 .comment       0x0000000000000000       0x2c objs/extdrv/epaper.o
 .ARM.attributes
                0x0000000000000000       0x31 objs/extdrv/epaper.o
 .text          0x0000000000000000        0x0 objs/extdrv/ws2812.o
 .data          0x0000000000000000        0x0 objs/extdrv/ws2812.o
 .bss           0x0000000000000000        0x0 objs/extdrv/ws2812.o
 .text.ws2812_bit_sender
                0x0000000000000000       0xa8 objs/extdrv/ws2812.o
 .text.ws2812_config
                0x0000000000000000       0x34 objs/extdrv/ws2812.o
 .text.ws2812_send_frame
                0x0000000000000000       0x38 objs/extdrv/ws2812.o
 .text.ws2812_set_pixel
                0x0000000000000000       0x34 objs/extdrv/ws2812.o
 .text.ws2812_get_pixel
                0x0000000000000000       0x28 objs/extdrv/ws2812.o
 .text.ws2812_clear_buffer
                0x0000000000000000       0x1c objs/extdrv/ws2812.o
 .text.ws2812_clear
                0x0000000000000000       0x34 objs/extdrv/ws2812.o
 .bss.led_data  0x0000000000000000       0xb4 objs/extdrv/ws2812.o
 .bss.max_led   0x0000000000000000        0x2 objs/extdrv/ws2812.o
 .bss.nb_bytes  0x0000000000000000        0x4 objs/extdrv/ws2812.o
 .bss.ws2812_gpio
                0x0000000000000000        0x3 objs/extdrv/ws2812.o
 .comment       0x0000000000000000       0x2c objs/extdrv/ws2812.o
 .ARM.attributes
                0x0000000000000000       0x31 objs/extdrv/ws2812.o
 .text          0x0000000000000000        0x0 objs/extdrv/ssd130x_oled_driver.o
 .data          0x0000000000000000        0x0 objs/extdrv/ssd130x_oled_driver.o
 .bss           0x0000000000000000        0x0 objs/extdrv/ssd130x_oled_driver.o
 .text.ssd130x_send_command
                0x0000000000000000       0xdc objs/extdrv/ssd130x_oled_driver.o
 .text.ssd130x_set_mem_addressing_mode
                0x0000000000000000       0x18 objs/extdrv/ssd130x_oled_driver.o
 .text.ssd130x_set_column_address
                0x0000000000000000       0x18 objs/extdrv/ssd130x_oled_driver.o
 .text.ssd130x_set_page_address
                0x0000000000000000       0x18 objs/extdrv/ssd130x_oled_driver.o
 .text.ssd130x_set_contrast
                0x0000000000000000       0x10 objs/extdrv/ssd130x_oled_driver.o
 .text.ssd130x_set_display_on
                0x0000000000000000       0x1c objs/extdrv/ssd130x_oled_driver.o
 .text.ssd130x_display_video_reverse
                0x0000000000000000       0x20 objs/extdrv/ssd130x_oled_driver.o
 .text.ssd130x_display_power
                0x0000000000000000       0x1c objs/extdrv/ssd130x_oled_driver.o
 .text.ssd130x_set_scan_direction
                0x0000000000000000       0x20 objs/extdrv/ssd130x_oled_driver.o
 .text.ssd130x_set_read_direction
                0x0000000000000000       0x20 objs/extdrv/ssd130x_oled_driver.o
 .text.ssd130x_set_display_offset
                0x0000000000000000       0x34 objs/extdrv/ssd130x_oled_driver.o
 .text.ssd130x_display_off
                0x0000000000000000       0x10 objs/extdrv/ssd130x_oled_driver.o
 .text.ssd130x_display_on
                0x0000000000000000      0x14c objs/extdrv/ssd130x_oled_driver.o
 .text.ssd130x_send_data
                0x0000000000000000       0xc4 objs/extdrv/ssd130x_oled_driver.o
 .text.ssd130x_display_full_screen
                0x0000000000000000       0x98 objs/extdrv/ssd130x_oled_driver.o
 .text.ssd130x_update_tile
                0x0000000000000000       0x5c objs/extdrv/ssd130x_oled_driver.o
 .text.ssd130x_update_modified
                0x0000000000000000        0x4 objs/extdrv/ssd130x_oled_driver.o
 .comment       0x0000000000000000       0x2c objs/extdrv/ssd130x_oled_driver.o
 .ARM.attributes
                0x0000000000000000       0x31 objs/extdrv/ssd130x_oled_driver.o
 .text          0x0000000000000000        0x0 objs/extdrv/bme280_humidity_sensor.o
 .data          0x0000000000000000        0x0 objs/extdrv/bme280_humidity_sensor.o
 .bss           0x0000000000000000        0x0 objs/extdrv/bme280_humidity_sensor.o
 .text.bme280_probe_sensor
                0x0000000000000000       0x60 objs/extdrv/bme280_humidity_sensor.o
 .text.bme280_get_calibration_data
                0x0000000000000000      0x110 objs/extdrv/bme280_humidity_sensor.o
 .text.bme280_configure
                0x0000000000000000       0x7c objs/extdrv/bme280_humidity_sensor.o
 .text.bme280_sensor_read
                0x0000000000000000       0xc0 objs/extdrv/bme280_humidity_sensor.o
 .text.bme280_compensate_temperature
                0x0000000000000000       0x30 objs/extdrv/bme280_humidity_sensor.o
 .text.bme280_compensate_pressure
                0x0000000000000000       0xac objs/extdrv/bme280_humidity_sensor.o
 .text.bme280_compensate_humidity
                0x0000000000000000       0xa4 objs/extdrv/bme280_humidity_sensor.o
 .comment       0x0000000000000000       0x2c objs/extdrv/bme280_humidity_sensor.o
 .ARM.attributes
                0x0000000000000000       0x31 objs/extdrv/bme280_humidity_sensor.o
 .text          0x0000000000000000        0x0 objs/drivers/ssp.o
 .data          0x0000000000000000        0x0 objs/drivers/ssp.o
 .bss           0x0000000000000000        0x0 objs/drivers/ssp.o
 .text.spi_get_mutex
                0x0000000000000000       0x30 objs/drivers/ssp.o
 .text.spi_release_mutex
                0x0000000000000000       0x18 objs/drivers/ssp.o
 .text.spi_transfer_single_frame
                0x0000000000000000       0x20 objs/drivers/ssp.o
 .text.spi_transfer_multiple_frames
                0x0000000000000000       0xf8 objs/drivers/ssp.o
 .text.ssp_master_on
                0x0000000000000000       0x8c objs/drivers/ssp.o
 .text.ssp_slave_on
                0x0000000000000000       0x88 objs/drivers/ssp.o
 .text.ssp_off  0x0000000000000000       0x34 objs/drivers/ssp.o
 .text          0x0000000000000000        0x0 objs/drivers/gpio.o
 .data          0x0000000000000000        0x0 objs/drivers/gpio.o
 .bss           0x0000000000000000        0x0 objs/drivers/gpio.o
 .text.gpio_off
                0x0000000000000000       0x24 objs/drivers/gpio.o
 .text.set_gpio_callback
                0x0000000000000000      0x11c objs/drivers/gpio.o
 .rodata.set_gpio_callback
                0x0000000000000000       0x14 objs/drivers/gpio.o
 .text.remove_gpio_callback
                0x0000000000000000       0x78 objs/drivers/gpio.o
 .text          0x0000000000000000        0x0 objs/drivers/serial.o
 .data          0x0000000000000000        0x0 objs/drivers/serial.o
 .bss           0x0000000000000000        0x0 objs/drivers/serial.o
 .text.serial_send_quickbyte
                0x0000000000000000       0x24 objs/drivers/serial.o
 .text.serial_flush
                0x0000000000000000       0x3c objs/drivers/serial.o
 .text.uart_set_config
                0x0000000000000000       0x20 objs/drivers/serial.o
 .text.uart_set_mode_rs485
                0x0000000000000000       0x40 objs/drivers/serial.o
 .text.uart_set_mode_irda
                0x0000000000000000       0x54 objs/drivers/serial.o
 .text.uart_off
                0x0000000000000000       0x54 objs/drivers/serial.o
 .text          0x0000000000000000        0x0 objs/drivers/timers.o
 .data          0x0000000000000000        0x0 objs/drivers/timers.o
 .bss           0x0000000000000000        0x0 objs/drivers/timers.o
 .text.timer_pause
                0x0000000000000000       0x20 objs/drivers/timers.o
 .text.timer_cont
                0x0000000000000000       0x20 objs/drivers/timers.o
 .text.timer_restart
                0x0000000000000000       0x20 objs/drivers/timers.o
 .text.timer_stop
                0x0000000000000000       0x20 objs/drivers/timers.o
 .text.timer_halt
                0x0000000000000000       0x20 objs/drivers/timers.o
 .text.timer_get_counter_val
                0x0000000000000000       0x2c objs/drivers/timers.o
 .text.timer_get_capture_val
                0x0000000000000000       0x2c objs/drivers/timers.o
 .text.timer_counter_config
                0x0000000000000000       0x2c objs/drivers/timers.o
 .text.timer_off
                0x0000000000000000       0x2c objs/drivers/timers.o
 .text          0x0000000000000000        0x0 objs/drivers/rtc.o
 .data          0x0000000000000000        0x0 objs/drivers/rtc.o
 .bss           0x0000000000000000        0x0 objs/drivers/rtc.o
 .text.rtc_get_count
                0x0000000000000000       0x44 objs/drivers/rtc.o
 .text.rtc_clk_src_select
                0x0000000000000000       0x44 objs/drivers/rtc.o
 .text.rtc_on   0x0000000000000000       0x18 objs/drivers/rtc.o
 .text.rtc_ctrl_off
                0x0000000000000000       0x10 objs/drivers/rtc.o
 .text.rtc_disable
                0x0000000000000000       0x24 objs/drivers/rtc.o
 .text.rtc_set_date
                0x0000000000000000        0xc objs/drivers/rtc.o
 .text.rtc_set_match
                0x0000000000000000       0x44 objs/drivers/rtc.o
 .text.setup_callback
                0x0000000000000000       0x40 objs/drivers/rtc.o
 .text.set_rtc_callback
                0x0000000000000000       0x7c objs/drivers/rtc.o
 .text.remove_rtc_callback
                0x0000000000000000       0x24 objs/drivers/rtc.o
 .bss.match_first
                0x0000000000000000        0x4 objs/drivers/rtc.o
 .bss.rtc_start_ok.4080
                0x0000000000000000        0x1 objs/drivers/rtc.o
 .text          0x0000000000000000        0x0 objs/drivers/countertimers.o
 .data          0x0000000000000000        0x0 objs/drivers/countertimers.o
 .bss           0x0000000000000000        0x0 objs/drivers/countertimers.o
 .text.TIMER_Handler
                0x0000000000000000       0x14 objs/drivers/countertimers.o
 .text          0x0000000000000000        0x0 objs/drivers/i2c.o
 .data          0x0000000000000000        0x0 objs/drivers/i2c.o
 .bss           0x0000000000000000        0x0 objs/drivers/i2c.o
 .text.i2c_release_bus
                0x0000000000000000       0x20 objs/drivers/i2c.o
 .text.i2c_read
                0x0000000000000000       0x80 objs/drivers/i2c.o
 .text.i2c_write_async
                0x0000000000000000       0x4c objs/drivers/i2c.o
 .text.i2c_write
                0x0000000000000000       0x6c objs/drivers/i2c.o
 .text.i2c_on   0x0000000000000000       0x48 objs/drivers/i2c.o
 .text.i2c_off  0x0000000000000000       0x28 objs/drivers/i2c.o
 .rodata.CSWTCH.3
                0x0000000000000000       0x18 objs/drivers/i2c.o
 .text          0x0000000000000000        0x0 objs/drivers/adc.o
 .data          0x0000000000000000        0x0 objs/drivers/adc.o
 .bss           0x0000000000000000        0x0 objs/drivers/adc.o
 .text.adc_get_value
                0x0000000000000000       0x2c objs/drivers/adc.o
 .text.adc_start_convertion_once
                0x0000000000000000       0x3c objs/drivers/adc.o
 .text.adc_start_burst_conversion
                0x0000000000000000       0x28 objs/drivers/adc.o
 .text.adc_stop_burst_conversion
                0x0000000000000000        0x4 objs/drivers/adc.o
 .text.adc_prepare_conversion_on_event
                0x0000000000000000       0x48 objs/drivers/adc.o
 .text.adc_trigger_sequence_conversion
                0x0000000000000000       0x20 objs/drivers/adc.o
 .text.adc_off  0x0000000000000000       0x38 objs/drivers/adc.o
 .text          0x0000000000000000        0x0 objs/lib/time.o
 .data          0x0000000000000000        0x0 objs/lib/time.o
 .bss           0x0000000000000000        0x0 objs/lib/time.o
 .text.time_track
                0x0000000000000000       0x4c objs/lib/time.o
 .text.set_time
                0x0000000000000000       0x34 objs/lib/time.o
 .text.set_time_and_get_difference
                0x0000000000000000       0x9c objs/lib/time.o
 .text.time_to_buff_swapped
                0x0000000000000000       0x2c objs/lib/time.o
 .text.get_time
                0x0000000000000000       0x48 objs/lib/time.o
 .text.get_time_in_interrupt
                0x0000000000000000       0x10 objs/lib/time.o
 .text.time_init
                0x0000000000000000       0x20 objs/lib/time.o
 .text.get_time_diff
                0x0000000000000000       0x90 objs/lib/time.o
 .bss.time      0x0000000000000000        0x8 objs/lib/time.o
 .bss.time_configured
                0x0000000000000000        0x1 objs/lib/time.o
 .bss.time_lock
                0x0000000000000000        0x4 objs/lib/time.o
 .comment       0x0000000000000000       0x2c objs/lib/time.o
 .ARM.attributes
                0x0000000000000000       0x31 objs/lib/time.o
 .text          0x0000000000000000        0x0 objs/lib/uprintf.o
 .data          0x0000000000000000        0x0 objs/lib/uprintf.o
 .bss           0x0000000000000000        0x0 objs/lib/uprintf.o
 .text          0x0000000000000000        0x0 objs/lib/stdlib.o
 .data          0x0000000000000000        0x0 objs/lib/stdlib.o
 .bss           0x0000000000000000        0x0 objs/lib/stdlib.o
 .text.strtoul  0x0000000000000000       0x58 objs/lib/stdlib.o
 .comment       0x0000000000000000       0x2c objs/lib/stdlib.o
 .ARM.attributes
                0x0000000000000000       0x31 objs/lib/stdlib.o
 .text          0x0000000000000000        0x0 objs/lib/string.o
 .data          0x0000000000000000        0x0 objs/lib/string.o
 .bss           0x0000000000000000        0x0 objs/lib/string.o
 .text.strcpy   0x0000000000000000       0x10 objs/lib/string.o
 .text.strncpy  0x0000000000000000       0x18 objs/lib/string.o
 .text.strcmp   0x0000000000000000       0x1c objs/lib/string.o
 .text.strncmp  0x0000000000000000       0x38 objs/lib/string.o
 .text.strchr   0x0000000000000000       0x1c objs/lib/string.o
 .text.strlen   0x0000000000000000       0x18 objs/lib/string.o
 .text.strrchr  0x0000000000000000       0x30 objs/lib/string.o
 .text.strnlen  0x0000000000000000       0x24 objs/lib/string.o
 .text          0x0000000000000000        0x0 objs/lib/crc_ccitt.o
 .data          0x0000000000000000        0x0 objs/lib/crc_ccitt.o
 .bss           0x0000000000000000        0x0 objs/lib/crc_ccitt.o
 .text.crc_ccitt
                0x0000000000000000       0x2c objs/lib/crc_ccitt.o
 .rodata.crc_ccitt_table
                0x0000000000000000      0x200 objs/lib/crc_ccitt.o
 .comment       0x0000000000000000       0x2c objs/lib/crc_ccitt.o
 .ARM.attributes
                0x0000000000000000       0x31 objs/lib/crc_ccitt.o
 .text          0x0000000000000000        0x0 objs/lib/vsprintf.o
 .data          0x0000000000000000        0x0 objs/lib/vsprintf.o
 .bss           0x0000000000000000        0x0 objs/lib/vsprintf.o
 .text.snprintf
                0x0000000000000000       0x18 objs/lib/vsprintf.o
 .text          0x0000000000000000        0x0 objs/lib/utils.o
 .data          0x0000000000000000        0x0 objs/lib/utils.o
 .bss           0x0000000000000000        0x0 objs/lib/utils.o
 .text.clz      0x0000000000000000       0x34 objs/lib/utils.o
 .text.ctz      0x0000000000000000       0x40 objs/lib/utils.o
 .text.bits_set
                0x0000000000000000       0x2c objs/lib/utils.o
 .rodata.bval_bsets.3674
                0x0000000000000000       0x10 objs/lib/utils.o
 .rodata.bval_clz.3664
                0x0000000000000000       0x10 objs/lib/utils.o
 .rodata.bval_ctz.3669
                0x0000000000000000       0x10 objs/lib/utils.o
 .comment       0x0000000000000000       0x2c objs/lib/utils.o
 .ARM.attributes
                0x0000000000000000       0x31 objs/lib/utils.o
 .text          0x0000000000000000        0x0 objs/lib/protocols/dtplug/slave.o
 .data          0x0000000000000000        0x0 objs/lib/protocols/dtplug/slave.o
 .bss           0x0000000000000000        0x0 objs/lib/protocols/dtplug/slave.o
 .text.dtplug_protocol_decode
                0x0000000000000000      0x138 objs/lib/protocols/dtplug/slave.o
 .text.dtplug_protocol_decoder_1
                0x0000000000000000       0x14 objs/lib/protocols/dtplug/slave.o
 .text.dtplug_protocol_decoder_0
                0x0000000000000000       0x14 objs/lib/protocols/dtplug/slave.o
 .text.dtplug_protocol_set_dtplug_comm_uart
                0x0000000000000000       0x48 objs/lib/protocols/dtplug/slave.o
 .text.dtplug_protocol_release_old_packet
                0x0000000000000000       0x10 objs/lib/protocols/dtplug/slave.o
 .text.dtplug_protocol_add_error_to_list
                0x0000000000000000       0x30 objs/lib/protocols/dtplug/slave.o
 .text.dtplug_protocol_send_reply
                0x0000000000000000      0x244 objs/lib/protocols/dtplug/slave.o
 .text.dtplug_protocol_common_handles
                0x0000000000000000      0x1c4 objs/lib/protocols/dtplug/slave.o
 .rodata.dtplug_protocol_common_handles
                0x0000000000000000       0x20 objs/lib/protocols/dtplug/slave.o
 .text.dtplug_protocol_get_next_packet_ok
                0x0000000000000000       0x1c objs/lib/protocols/dtplug/slave.o
 .bss.dtpp_handles
                0x0000000000000000        0x8 objs/lib/protocols/dtplug/slave.o
 .bss.full_size.4322
                0x0000000000000000        0x1 objs/lib/protocols/dtplug/slave.o
 .bss.info.4323
                0x0000000000000000        0x4 objs/lib/protocols/dtplug/slave.o
 .bss.rx_ptr.4320
                0x0000000000000000        0x1 objs/lib/protocols/dtplug/slave.o
 .bss.sum.4321  0x0000000000000000        0x1 objs/lib/protocols/dtplug/slave.o
 .comment       0x0000000000000000       0x2c objs/lib/protocols/dtplug/slave.o
 .ARM.attributes
                0x0000000000000000       0x31 objs/lib/protocols/dtplug/slave.o
 .text          0x0000000000000000       0x32 objs/extdrv/ssd130x_oled_buffer_s.o
 .data          0x0000000000000000        0x0 objs/extdrv/ssd130x_oled_buffer_s.o
 .bss           0x0000000000000000        0x0 objs/extdrv/ssd130x_oled_buffer_s.o
 .ARM.attributes
                0x0000000000000000       0x21 objs/extdrv/ssd130x_oled_buffer_s.o
 .text          0x0000000000000000        0x0 objs/apps/base/voiture/main.o
 .data          0x0000000000000000        0x0 objs/apps/base/voiture/main.o
 .bss           0x0000000000000000        0x0 objs/apps/base/voiture/main.o
 .text.data_rx  0x0000000000000000       0x58 objs/apps/base/voiture/main.o
 .bss.idx.4401  0x0000000000000000        0x4 objs/apps/base/voiture/main.o
 .bss.text_received
                0x0000000000000000        0x1 objs/apps/base/voiture/main.o
 COMMON         0x0000000000000000       0x10 objs/apps/base/voiture/main.o

Memory Configuration

Name             Origin             Length             Attributes
sram             0x0000000010000000 0x0000000000001000 xrw
flash            0x0000000000000000 0x0000000000008000 xr
info             0x0000000000040200 0x0000000000000600 xr
*default*        0x0000000000000000 0xffffffffffffffff

Linker script and memory map

LOAD objs/core/watchdog.o
LOAD objs/core/rom_helpers.o
LOAD objs/core/fault_handlers.o
LOAD objs/core/system.o
LOAD objs/core/pio.o
LOAD objs/core/bootstrap.o
LOAD objs/core/systick.o
LOAD objs/core/crc_engine.o
LOAD objs/core/user_information_block.o
LOAD objs/core/iap.o
LOAD objs/core/vector_table.o
LOAD objs/extdrv/status_led.o
LOAD objs/extdrv/cc1101.o
LOAD objs/extdrv/sdmmc.o
LOAD objs/extdrv/chirp.o
LOAD objs/extdrv/ncn5120.o
LOAD objs/extdrv/max31855_thermocouple.o
LOAD objs/extdrv/ssd130x_oled_buffer.o
LOAD objs/extdrv/rtc_pcf85363a.o
LOAD objs/extdrv/lcd_char.o
LOAD objs/extdrv/tsl256x_light_sensor.o
LOAD objs/extdrv/veml6070_uv_sensor.o
LOAD objs/extdrv/dht11.o
LOAD objs/extdrv/eeprom.o
LOAD objs/extdrv/tmp101_temp_sensor.o
LOAD objs/extdrv/epaper.o
LOAD objs/extdrv/ws2812.o
LOAD objs/extdrv/ssd130x_oled_driver.o
LOAD objs/extdrv/bme280_humidity_sensor.o
LOAD objs/drivers/ssp.o
LOAD objs/drivers/gpio.o
LOAD objs/drivers/serial.o
LOAD objs/drivers/timers.o
LOAD objs/drivers/rtc.o
LOAD objs/drivers/countertimers.o
LOAD objs/drivers/i2c.o
LOAD objs/drivers/adc.o
LOAD objs/lib/time.o
LOAD objs/lib/uprintf.o
LOAD objs/lib/stdlib.o
LOAD objs/lib/string.o
LOAD objs/lib/crc_ccitt.o
LOAD objs/lib/vsprintf.o
LOAD objs/lib/utils.o
LOAD objs/lib/protocols/dtplug/slave.o
LOAD objs/extdrv/ssd130x_oled_buffer_s.o
LOAD objs/apps/base/voiture/main.o
                0x0000000000001000                _sram_size = LENGTH (sram)
                0x0000000010000000                _sram_base = ORIGIN (sram)
                0x0000000010000fe0                _end_stack = ((_sram_base + _sram_size) - 0x20)
                0x0000000000000000                . = ORIGIN (flash)

.text           0x0000000000000000     0x1e28
 FILL mask 0xff
 *(SORT(.vectors))
 .vectors       0x0000000000000000       0xc0 objs/core/bootstrap.o
                0x0000000000000000                vector_table
 *(SORT(.text.Reset_Handler) SORT(.text.system_init))
 .text.Reset_Handler
                0x00000000000000c0       0x5c objs/core/bootstrap.o
                0x00000000000000c0                Reset_Handler
 .text.system_init
                0x000000000000011c       0x44 objs/apps/base/voiture/main.o
                0x000000000000011c                system_init
                0x00000000000002fc                . = 0x2fc
 *fill*         0x0000000000000160      0x19c ff
 *(SORT(.crp))
                0x0000000000000300                . = 0x300
 *fill*         0x00000000000002fc        0x4 ff
 *(SORT(.text*))
 .text.WDT_Handler
                0x0000000000000300       0x20 objs/core/watchdog.o
                0x0000000000000300                WDT_Handler
 .text.startup_watchdog_disable
                0x0000000000000320       0x58 objs/core/watchdog.o
                0x0000000000000320                startup_watchdog_disable
 .text.__aeabi_uidiv
                0x0000000000000378       0x10 objs/core/rom_helpers.o
                0x0000000000000378                __aeabi_uidiv
 .text.__aeabi_idivmod
                0x0000000000000388       0x20 objs/core/rom_helpers.o
                0x0000000000000388                __aeabi_idivmod
 .text.__aeabi_uidivmod
                0x00000000000003a8       0x20 objs/core/rom_helpers.o
                0x00000000000003a8                __aeabi_uidivmod
 .text.rom_helpers_init
                0x00000000000003c8       0x20 objs/core/rom_helpers.o
                0x00000000000003c8                rom_helpers_init
 .text.NMI_Handler
                0x00000000000003e8       0x10 objs/core/fault_handlers.o
                0x00000000000003e8                NMI_Handler
 .text.HardFault_Handler
                0x00000000000003f8       0x10 objs/core/fault_handlers.o
                0x00000000000003f8                HardFault_Handler
 .text.SVC_Handler
                0x0000000000000408       0x10 objs/core/fault_handlers.o
                0x0000000000000408                SVC_Handler
 .text.PendSV_Handler
                0x0000000000000418       0x10 objs/core/fault_handlers.o
                0x0000000000000418                PendSV_Handler
 .text.system_set_default_power_state
                0x0000000000000428       0x10 objs/core/system.o
                0x0000000000000428                system_set_default_power_state
 .text.subsystem_power
                0x0000000000000438       0x20 objs/core/system.o
                0x0000000000000438                subsystem_power
 .text.get_main_clock
                0x0000000000000458        0xc objs/core/system.o
                0x0000000000000458                get_main_clock
 .text.clock_config
                0x0000000000000464       0xe8 objs/core/system.o
                0x0000000000000464                clock_config
 .text.pio_copy
                0x000000000000054c       0x18 objs/core/pio.o
                0x000000000000054c                pio_copy
 .text.config_pio
                0x0000000000000564       0x6c objs/core/pio.o
                0x0000000000000564                config_pio
 .text.set_pins
                0x00000000000005d0       0x1c objs/core/pio.o
                0x00000000000005d0                set_pins
 .text.Dummy_Handler
                0x00000000000005ec        0x4 objs/core/bootstrap.o
                0x00000000000005ec                DMA_Handler
                0x00000000000005ec                BOD_Handler
                0x00000000000005ec                Dummy_Handler
                0x00000000000005ec                WAKEUP_Handler
                0x00000000000005ec                Comparator_Handler
 .text.SysTick_Handler
                0x00000000000005f0       0x6c objs/core/systick.o
                0x00000000000005f0                SysTick_Handler
 .text.systick_start
                0x000000000000065c       0x34 objs/core/systick.o
                0x000000000000065c                systick_start
 .text.systick_timer_on
                0x0000000000000690       0x90 objs/core/systick.o
                0x0000000000000690                systick_timer_on
 .text.msleep   0x0000000000000720       0x78 objs/core/systick.o
                0x0000000000000720                msleep
 .text.status_led_config
                0x0000000000000798       0x44 objs/extdrv/status_led.o
                0x0000000000000798                status_led_config
 .text.status_led
                0x00000000000007dc       0xcc objs/extdrv/status_led.o
                0x00000000000007dc                status_led
 .text.chenillard
                0x00000000000008a8       0x2c objs/extdrv/status_led.o
                0x00000000000008a8                chenillard
 .text.SSP_0_Handler
                0x00000000000008d4       0x2c objs/drivers/ssp.o
                0x00000000000008d4                SSP_0_Handler
 .text.ssp_clk_on
                0x0000000000000900       0x78 objs/drivers/ssp.o
                0x0000000000000900                ssp_clk_on
 .text.ssp_clk_update
                0x0000000000000978       0x18 objs/drivers/ssp.o
                0x0000000000000978                ssp_clk_update
 .text.gpio_on  0x0000000000000990       0x18 objs/drivers/gpio.o
                0x0000000000000990                gpio_on
 .text.config_gpio
                0x00000000000009a8       0x48 objs/drivers/gpio.o
                0x00000000000009a8                config_gpio
 .text.PIO_0_Handler
                0x00000000000009f0       0x48 objs/drivers/gpio.o
                0x00000000000009f0                PIO_0_Handler
 .text.PIO_1_Handler
                0x0000000000000a38       0x48 objs/drivers/gpio.o
                0x0000000000000a38                PIO_1_Handler
 .text.PIO_2_Handler
                0x0000000000000a80       0x48 objs/drivers/gpio.o
                0x0000000000000a80                PIO_2_Handler
 .text.uart_clk_on
                0x0000000000000ac8       0xa8 objs/drivers/serial.o
 .text.uart_check_tx
                0x0000000000000b70       0x34 objs/drivers/serial.o
 .text.UART_Handler
                0x0000000000000ba4       0x38 objs/drivers/serial.o
 .text.UART_0_Handler
                0x0000000000000bdc       0x10 objs/drivers/serial.o
                0x0000000000000bdc                UART_0_Handler
 .text.UART_1_Handler
                0x0000000000000bec       0x10 objs/drivers/serial.o
                0x0000000000000bec                UART_1_Handler
 .text.serial_write
                0x0000000000000bfc       0xc0 objs/drivers/serial.o
                0x0000000000000bfc                serial_write
 .text.uart_clk_update
                0x0000000000000cbc       0x30 objs/drivers/serial.o
                0x0000000000000cbc                uart_clk_update
 .text.uart_on  0x0000000000000cec       0x74 objs/drivers/serial.o
                0x0000000000000cec                uart_on
 .text.timer_start
                0x0000000000000d60       0x20 objs/drivers/timers.o
                0x0000000000000d60                timer_start
 .text.timer_set_match
                0x0000000000000d80       0x2c objs/drivers/timers.o
                0x0000000000000d80                timer_set_match
 .text.timer_pwm_config
                0x0000000000000dac       0x2c objs/drivers/timers.o
                0x0000000000000dac                timer_pwm_config
 .text.timer_on
                0x0000000000000dd8       0x30 objs/drivers/timers.o
                0x0000000000000dd8                timer_on
 .text.RTC_Handler
                0x0000000000000e08       0x3c objs/drivers/rtc.o
                0x0000000000000e08                RTC_Handler
 .text.countertimer_start
                0x0000000000000e44       0x10 objs/drivers/countertimers.o
                0x0000000000000e44                countertimer_start
 .text.countertimer_pause
                0x0000000000000e54       0x10 objs/drivers/countertimers.o
                0x0000000000000e54                countertimer_pause
 .text.countertimer_stop
                0x0000000000000e64       0x14 objs/drivers/countertimers.o
                0x0000000000000e64                countertimer_stop
 .text.countertimer_restart
                0x0000000000000e78       0x14 objs/drivers/countertimers.o
                0x0000000000000e78                countertimer_restart
 .text.countertimer_get_counter_val
                0x0000000000000e8c       0x14 objs/drivers/countertimers.o
                0x0000000000000e8c                countertimer_get_counter_val
 .text.countertimer_get_capture_val
                0x0000000000000ea0       0x24 objs/drivers/countertimers.o
                0x0000000000000ea0                countertimer_get_capture_val
 .text.countertimer_set_match
                0x0000000000000ec4       0x20 objs/drivers/countertimers.o
                0x0000000000000ec4                countertimer_set_match
 .text.countertimer_pwm_setup
                0x0000000000000ee4       0xc4 objs/drivers/countertimers.o
                0x0000000000000ee4                countertimer_pwm_setup
 .text.countertimer_tc_setup
                0x0000000000000fa8      0x144 objs/drivers/countertimers.o
                0x0000000000000fa8                countertimer_tc_setup
 .text.countertimer_off
                0x00000000000010ec       0x2c objs/drivers/countertimers.o
                0x00000000000010ec                countertimer_off
 .text.countertimer_on
                0x0000000000001118       0x68 objs/drivers/countertimers.o
                0x0000000000001118                countertimer_on
 .text.TIMER_0_Handler
                0x0000000000001180       0x18 objs/drivers/countertimers.o
                0x0000000000001180                TIMER_0_Handler
 .text.TIMER_1_Handler
                0x0000000000001198       0x18 objs/drivers/countertimers.o
                0x0000000000001198                TIMER_1_Handler
 .text.TIMER_2_Handler
                0x00000000000011b0       0x18 objs/drivers/countertimers.o
                0x00000000000011b0                TIMER_2_Handler
 .text.TIMER_3_Handler
                0x00000000000011c8       0x18 objs/drivers/countertimers.o
                0x00000000000011c8                TIMER_3_Handler
 .text.I2C_0_Handler
                0x00000000000011e0      0x188 objs/drivers/i2c.o
                0x00000000000011e0                I2C_0_Handler
 .text.i2c_clock_update
                0x0000000000001368       0x2c objs/drivers/i2c.o
                0x0000000000001368                i2c_clock_update
 .text.ADC_Handler
                0x0000000000001394       0x1c objs/drivers/adc.o
                0x0000000000001394                ADC_Handler
 .text.adc_clk_update
                0x00000000000013b0       0x24 objs/drivers/adc.o
                0x00000000000013b0                adc_clk_update
 .text.adc_on   0x00000000000013d4       0x7c objs/drivers/adc.o
                0x00000000000013d4                adc_on
 .text.uprintf  0x0000000000001450       0x30 objs/lib/uprintf.o
                0x0000000000001450                uprintf
 .text.memcpy   0x0000000000001480       0x48 objs/lib/string.o
                0x0000000000001480                memcpy
 .text.memset   0x00000000000014c8       0x50 objs/lib/string.o
                0x00000000000014c8                memset
 .text.convert  0x0000000000001518      0x164 objs/lib/vsprintf.o
 .text.vsnprintf
                0x000000000000167c      0x188 objs/lib/vsprintf.o
                0x000000000000167c                vsnprintf
 .text.servo_config
                0x0000000000001804       0xf0 objs/apps/base/voiture/main.o
                0x0000000000001804                servo_config
 .text.set_servo
                0x00000000000018f4       0x70 objs/apps/base/voiture/main.o
                0x00000000000018f4                set_servo
 .text.fault_info
                0x0000000000001964        0xc objs/apps/base/voiture/main.o
                0x0000000000001964                fault_info
 .text.startup.main
                0x0000000000001970       0x44 objs/apps/base/voiture/main.o
                0x0000000000001970                main
 *(SORT(.rodata*))
 .rodata.__FUNCTION__.3672
                0x00000000000019b4        0xc objs/core/fault_handlers.o
 .rodata.__FUNCTION__.3676
                0x00000000000019c0       0x12 objs/core/fault_handlers.o
 *fill*         0x00000000000019d2        0x2 ff
 .rodata.__FUNCTION__.3680
                0x00000000000019d4        0xc objs/core/fault_handlers.o
 .rodata.__FUNCTION__.3684
                0x00000000000019e0        0xf objs/core/fault_handlers.o
 *fill*         0x00000000000019ef        0x1 ff
 .rodata.pio_regs_handles_port0
                0x00000000000019f0       0x80 objs/core/pio.o
 .rodata.pio_regs_handles_port1
                0x0000000000001a70       0x1c objs/core/pio.o
 .rodata.pio_regs_handles_port2
                0x0000000000001a8c       0x40 objs/core/pio.o
 .rodata.status_led
                0x0000000000001acc       0x2c objs/extdrv/status_led.o
 .rodata.steps  0x0000000000001af8        0xb objs/extdrv/status_led.o
 *fill*         0x0000000000001b03        0x1 ff
 .rodata.uart_defs
                0x0000000000001b04       0x10 objs/drivers/serial.o
 .rodata.I2C_0_Handler
                0x0000000000001b14      0x164 objs/drivers/i2c.o
 .rodata.vsnprintf
                0x0000000000001c78       0xc8 objs/lib/vsprintf.o
 .rodata.digits.3704
                0x0000000000001d40       0x10 objs/lib/vsprintf.o
 .rodata.adc_pins
                0x0000000000001d50       0x38 objs/apps/base/voiture/main.o
                0x0000000000001d50                adc_pins
 .rodata.common_pins
                0x0000000000001d88       0x20 objs/apps/base/voiture/main.o
                0x0000000000001d88                common_pins
 .rodata.servo_config.str1.4
                0x0000000000001da8       0x62 objs/apps/base/voiture/main.o
 *fill*         0x0000000000001e0a        0x2 ff
 .rodata.set_servo.str1.4
                0x0000000000001e0c       0x14 objs/apps/base/voiture/main.o
 .rodata.status_led_green
                0x0000000000001e20        0x3 objs/apps/base/voiture/main.o
                0x0000000000001e20                status_led_green
 *fill*         0x0000000000001e23        0x1 ff
 .rodata.status_led_red
                0x0000000000001e24        0x3 objs/apps/base/voiture/main.o
                0x0000000000001e24                status_led_red
 *(SORT(.got*))
                0x0000000000001e28                . = ALIGN (0x4)
 *fill*         0x0000000000001e27        0x1 ff
                0x0000000000001e28                _end_text = .

.glue_7         0x0000000000001e28        0x0
 .glue_7        0x0000000000001e28        0x0 linker stubs

.glue_7t        0x0000000000001e28        0x0
 .glue_7t       0x0000000000001e28        0x0 linker stubs

.vfp11_veneer   0x0000000000001e28        0x0
 .vfp11_veneer  0x0000000000001e28        0x0 linker stubs

.v4_bx          0x0000000000001e28        0x0
 .v4_bx         0x0000000000001e28        0x0 linker stubs

.iplt           0x0000000000001e28        0x0
 .iplt          0x0000000000001e28        0x0 objs/core/watchdog.o

.rel.dyn        0x0000000000001e28        0x0
 .rel.iplt      0x0000000000001e28        0x0 objs/core/watchdog.o
                0x0000000000001e28                . = ALIGN (0x4)

.data           0x0000000010000000      0x230 load address 0x0000000000001e28
                0x0000000010000000                _start_data = .
 *(SORT(.data*))
 .data.lpc_private
                0x0000000010000000        0x8 objs/core/system.o
 .data.green_led
                0x0000000010000008        0x3 objs/extdrv/status_led.o
                0x0000000010000008                green_led
 *fill*         0x000000001000000b        0x1 
 .data.red_led  0x000000001000000c        0x3 objs/extdrv/status_led.o
                0x000000001000000c                red_led
 *fill*         0x000000001000000f        0x1 
 .data.ssps     0x0000000010000010       0x24 objs/drivers/ssp.o
 .data.uarts    0x0000000010000034      0x108 objs/drivers/serial.o
 .data.timers   0x000000001000013c       0x40 objs/drivers/timers.o
                0x000000001000013c                timers
 .data.countertimer_cfg_ops
                0x000000001000017c        0x8 objs/drivers/countertimers.o
                0x000000001000017c                countertimer_cfg_ops
 .data.countertimer_init_ops
                0x0000000010000184        0x8 objs/drivers/countertimers.o
                0x0000000010000184                countertimer_init_ops
 .data.countertimer_ops
                0x000000001000018c       0x24 objs/drivers/countertimers.o
                0x000000001000018c                countertimer_ops
 .data.countertimers
                0x00000000100001b0       0x40 objs/drivers/countertimers.o
 .data.i2c_buses
                0x00000000100001f0       0x40 objs/drivers/i2c.o
                0x0000000010000230                _end_data = .

.igot.plt       0x0000000010000230        0x0 load address 0x0000000000002058
 .igot.plt      0x0000000010000230        0x0 objs/core/watchdog.o
                0x0000000010000230                . = ALIGN (0x4)

.bss            0x0000000010000230      0x140 load address 0x0000000000002058
                0x0000000010000230                _start_bss = .
 *(SORT(.bss*))
 .bss.wdt_callback
                0x0000000010000230        0x4 objs/core/watchdog.o
 .bss.rom_div_helpers
                0x0000000010000234        0x4 objs/core/rom_helpers.o
 .bss.cbs       0x0000000010000238       0x20 objs/core/systick.o
 .bss.global_wrapping_system_clock_cycles
                0x0000000010000258        0x4 objs/core/systick.o
 .bss.global_wrapping_system_ticks
                0x000000001000025c        0x4 objs/core/systick.o
 .bss.sleep_count
                0x0000000010000260        0x4 objs/core/systick.o
 .bss.systick_running
                0x0000000010000264        0x4 objs/core/systick.o
 .bss.tick_ms   0x0000000010000268        0x4 objs/core/systick.o
 .bss.tick_reload
                0x000000001000026c        0x4 objs/core/systick.o
 .bss.usleep_us_count
                0x0000000010000270        0x4 objs/core/systick.o
 .bss.n.4099    0x0000000010000274        0x4 objs/extdrv/status_led.o
 .bss.gpio_callbacks_port0
                0x0000000010000278       0x80 objs/drivers/gpio.o
 .bss.gpio_callbacks_port1
                0x00000000100002f8       0x1c objs/drivers/gpio.o
 .bss.gpio_callbacks_port2
                0x0000000010000314       0x40 objs/drivers/gpio.o
 .bss.rtc_callback
                0x0000000010000354        0x4 objs/drivers/rtc.o
 .bss.rtc_match_period
                0x0000000010000358        0x4 objs/drivers/rtc.o
 .bss.adc_int_callback
                0x000000001000035c        0x4 objs/drivers/adc.o
                0x000000001000035c                adc_int_callback
 .bss.servo_med_pos_cmd
                0x0000000010000360        0x4 objs/apps/base/voiture/main.o
 .bss.servo_one_deg_step
                0x0000000010000364        0x4 objs/apps/base/voiture/main.o
 .bss.periodic_match
                0x0000000010000368        0x1 objs/drivers/rtc.o
 .bss.channel   0x0000000010000369        0x1 objs/apps/base/voiture/main.o
 .bss.timer     0x000000001000036a        0x1 objs/apps/base/voiture/main.o
 *(SORT(COMMON))
 *fill*         0x000000001000036b        0x1 
 COMMON         0x000000001000036c        0x4 objs/core/rom_helpers.o
                0x000000001000036c                iap_entry
                0x0000000010000370                _end_bss = .
                0x0000000010000370                . = ALIGN (0x4)
                0x0000000010000370                _end = .
                [!provide]                        PROVIDE (end, .)
OUTPUT(apps/base/voiture/voiture.elf elf32-littlearm)

.comment        0x0000000000000000       0x2b
 .comment       0x0000000000000000       0x2b objs/core/watchdog.o
                                         0x2c (size before relaxing)
 .comment       0x000000000000002b       0x2c objs/core/rom_helpers.o
 .comment       0x000000000000002b       0x2c objs/core/fault_handlers.o
 .comment       0x000000000000002b       0x2c objs/core/system.o
 .comment       0x000000000000002b       0x2c objs/core/pio.o
 .comment       0x000000000000002b       0x2c objs/core/bootstrap.o
 .comment       0x000000000000002b       0x2c objs/core/systick.o
 .comment       0x000000000000002b       0x2c objs/extdrv/status_led.o
 .comment       0x000000000000002b       0x2c objs/drivers/ssp.o
 .comment       0x000000000000002b       0x2c objs/drivers/gpio.o
 .comment       0x000000000000002b       0x2c objs/drivers/serial.o
 .comment       0x000000000000002b       0x2c objs/drivers/timers.o
 .comment       0x000000000000002b       0x2c objs/drivers/rtc.o
 .comment       0x000000000000002b       0x2c objs/drivers/countertimers.o
 .comment       0x000000000000002b       0x2c objs/drivers/i2c.o
 .comment       0x000000000000002b       0x2c objs/drivers/adc.o
 .comment       0x000000000000002b       0x2c objs/lib/uprintf.o
 .comment       0x000000000000002b       0x2c objs/lib/string.o
 .comment       0x000000000000002b       0x2c objs/lib/vsprintf.o
 .comment       0x000000000000002b       0x2c objs/apps/base/voiture/main.o

.ARM.attributes
                0x0000000000000000       0x2f
 .ARM.attributes
                0x0000000000000000       0x31 objs/core/watchdog.o
 .ARM.attributes
                0x0000000000000031       0x31 objs/core/rom_helpers.o
 .ARM.attributes
                0x0000000000000062       0x31 objs/core/fault_handlers.o
 .ARM.attributes
                0x0000000000000093       0x31 objs/core/system.o
 .ARM.attributes
                0x00000000000000c4       0x31 objs/core/pio.o
 .ARM.attributes
                0x00000000000000f5       0x31 objs/core/bootstrap.o
 .ARM.attributes
                0x0000000000000126       0x31 objs/core/systick.o
 .ARM.attributes
                0x0000000000000157       0x31 objs/extdrv/status_led.o
 .ARM.attributes
                0x0000000000000188       0x31 objs/drivers/ssp.o
 .ARM.attributes
                0x00000000000001b9       0x31 objs/drivers/gpio.o
 .ARM.attributes
                0x00000000000001ea       0x31 objs/drivers/serial.o
 .ARM.attributes
                0x000000000000021b       0x31 objs/drivers/timers.o
 .ARM.attributes
                0x000000000000024c       0x31 objs/drivers/rtc.o
 .ARM.attributes
                0x000000000000027d       0x31 objs/drivers/countertimers.o
 .ARM.attributes
                0x00000000000002ae       0x31 objs/drivers/i2c.o
 .ARM.attributes
                0x00000000000002df       0x31 objs/drivers/adc.o
 .ARM.attributes
                0x0000000000000310       0x31 objs/lib/uprintf.o
 .ARM.attributes
                0x0000000000000341       0x31 objs/lib/string.o
 .ARM.attributes
                0x0000000000000372       0x31 objs/lib/vsprintf.o
 .ARM.attributes
                0x00000000000003a3       0x31 objs/apps/base/voiture/main.o
